C51 COMPILER V9.53.0.0   GDELAY                                                            07/31/2018 10:15:26 PAGE 1   


C51 COMPILER V9.53.0.0, COMPILATION OF MODULE GDELAY
OBJECT MODULE PLACED IN .\GDelay.obj
COMPILER INVOKED BY: C:\Keil_v5\C51\BIN\C51.EXE ..\..\manager\GDelay.c OPTIMIZE(8,SPEED) BROWSE INCDIR(..\..\manager) DE
                    -BUG OBJECTEXTEND PRINT(.\GDelay.lst) TABS(2) OBJECT(.\GDelay.obj)

line level    source

   1          //===============================================
   2          #include "GDelay.h"
   3          #include "GPortDef.h"
   4          //===============================================
   5          #define TIME_MS 110
   6          //===============================================
   7          static bit GDelay_State = FALSE;
   8          static uint GDelay_Time = 0;
   9          //===============================================
  10          void GDelay_ms(uint ms);
  11          //===============================================
  12          static GDelayO m_GDelayO;
  13          static int m_GDelay = FALSE;
  14          //===============================================
  15          GDelayO GDelay_Constructor();
  16          void GDelay_Function(GDelayO* obj);
  17          //===============================================
  18          GDelayO GDelay_Constructor() {
  19   1          GDelayO lObj;
  20   1          GDelay_Function(&lObj);
  21   1          return lObj;
  22   1      }
  23          //===============================================
  24          void GDelay_Function(GDelayO* obj) {
  25   1          obj->ms = GDelay_ms;
  26   1      }
  27          //===============================================
  28          GDelayO GDelay() {
  29   1          if(m_GDelay == FALSE) {
  30   2              m_GDelayO = GDelay_Constructor();
  31   2              m_GDelay = TRUE;
  32   2          }
  33   1          return m_GDelayO;
  34   1      }
  35          //===============================================
  36          void GDelay_ms(uint ms) {
  37   1        uint i, j;
  38   1          for(i = 0; i < ms; i++) {
  39   2              for(j = 0; j < TIME_MS; j++);
  40   2        }
  41   1      }
  42          //===============================================


MODULE INFORMATION:   STATIC OVERLAYABLE
   CODE SIZE        =    111    ----
   CONSTANT SIZE    =   ----    ----
   XDATA SIZE       =   ----    ----
   PDATA SIZE       =   ----    ----
   DATA SIZE        =      7       6
   IDATA SIZE       =   ----    ----
   BIT SIZE         =      1    ----
END OF MODULE INFORMATION.


C51 COMPILATION COMPLETE.  0 WARNING(S),  0 ERROR(S)
