C51 COMPILER V9.53.0.0   GLED                                                              07/22/2018 21:02:50 PAGE 1   


C51 COMPILER V9.53.0.0, COMPILATION OF MODULE GLED
OBJECT MODULE PLACED IN GLed.obj
COMPILER INVOKED BY: C:\Keil_v5\C51\BIN\C51.EXE manager\GLed.c OPTIMIZE(8,SPEED) BROWSE INCDIR(.\manager) DEBUG OBJECTEX
                    -TEND PRINT(.\GLed.lst) TABS(2) OBJECT(GLed.obj)

line level    source

   1          //===============================================
   2          #include "GLed.h"
   3          #include "GPortDef.h"
   4          #include "GTypeDef.h"
   5          //===============================================
   6          static bit gLed_Flash;
   7          static uint gLed_Flash_Time;
   8          //===============================================
   9          void GLed_Init() {
  10   1        LED_PORT = LED_PORT_OFF;
  11   1        gLed_Flash = LED_OFF;
  12   1        gLed_Flash_Time = 0;
  13   1      }
  14          //===============================================
  15          void GLed_Port_Flash() {
  16   1        if(++gLed_Flash_Time >= 1000) {
  17   2          gLed_Flash_Time = 0;
  18   2          if(gLed_Flash == LED_OFF) {
  19   3            gLed_Flash = LED_ON;
  20   3            LED_PORT = 0xF0;
  21   3          }
  22   2          else {
  23   3            gLed_Flash = LED_OFF;
  24   3            LED_PORT = 0x0F;
  25   3      
  26   3          }
  27   2        }
  28   1      }
  29          //===============================================


MODULE INFORMATION:   STATIC OVERLAYABLE
   CODE SIZE        =     48    ----
   CONSTANT SIZE    =   ----    ----
   XDATA SIZE       =   ----    ----
   PDATA SIZE       =   ----    ----
   DATA SIZE        =      2    ----
   IDATA SIZE       =   ----    ----
   BIT SIZE         =      1    ----
END OF MODULE INFORMATION.


C51 COMPILATION COMPLETE.  0 WARNING(S),  0 ERROR(S)
