C51 COMPILER V9.53.0.0   GSTRING                                                           07/31/2018 09:51:50 PAGE 1   


C51 COMPILER V9.53.0.0, COMPILATION OF MODULE GSTRING
OBJECT MODULE PLACED IN .\GString.obj
COMPILER INVOKED BY: C:\Keil_v5\C51\BIN\C51.EXE ..\..\manager\GString.c OPTIMIZE(8,SPEED) BROWSE INCDIR(..\..\manager) D
                    -EBUG OBJECTEXTEND PRINT(.\GString.lst) TABS(2) OBJECT(.\GString.obj)

line level    source

   1          //===============================================
   2          #include "GString.h"
   3          //===============================================
   4          static GStringO m_GStringO;
   5          static int m_GString = FALSE;
   6          //===============================================
   7          GStringO GString_Constructor();
   8          void GString_Function(GStringO* obj);
   9          //===============================================
  10          int GString_Size(const char* str);
  11          int GString_Is_Equal(const char* str1, const char* str2) reentrant;
  12          void GString_Copy(char* str1, const char* str2) reentrant;
  13          //===============================================
  14          GStringO GString_Constructor() {
  15   1          GStringO lObj;
  16   1          GString_Function(&lObj);
  17   1          return lObj;
  18   1      }
  19          //===============================================
  20          void GString_Function(GStringO* obj) {
  21   1          obj->Size = GString_Size;
  22   1          obj->Is_Equal = GString_Is_Equal;
  23   1          obj->Copy = GString_Copy;
  24   1      }
  25          //===============================================
  26          GStringO GString() {
  27   1          if(m_GString == FALSE) {
  28   2              m_GStringO = GString_Constructor();
  29   2              m_GString = TRUE;
  30   2          }
  31   1          return m_GStringO;
  32   1      }
  33          //===============================================
  34          int GString_Size(const char* str) {
  35   1          int i = 0;
  36   1          while(str[i] != 0) {i += 1;}
  37   1          return i;
  38   1      }
  39          //===============================================
  40          int GString_Is_Equal(const char* str1, const char* str2) reentrant {
  41   1          int i = 0;
  42   1          int lSize1 = GString_Size(str1);
  43   1          int lSize2 = GString_Size(str2);
  44   1          if(lSize1 != lSize2) {return FALSE;}
  45   1          while(str1[i] != 0) {
  46   2              if(str1[i] != str2[i]) {return FALSE;}
  47   2              i += 1;
  48   2          }
  49   1          return TRUE;
  50   1      }
  51          //===============================================
  52          void GString_Copy(char* str1, const char* str2) reentrant {
  53   1          int i = 0;
  54   1          while(str2[i] != 0) {
C51 COMPILER V9.53.0.0   GSTRING                                                           07/31/2018 09:51:50 PAGE 2   

  55   2              str1[i] = str2[i];
  56   2              i += 1;
  57   2          }
  58   1          str1[i] = 0;
  59   1      }
  60          //===============================================


MODULE INFORMATION:   STATIC OVERLAYABLE
   CODE SIZE        =    492    ----
   CONSTANT SIZE    =   ----    ----
   XDATA SIZE       =   ----    ----
   PDATA SIZE       =   ----    ----
   DATA SIZE        =     11      15
   IDATA SIZE       =   ----    ----
   BIT SIZE         =   ----    ----
END OF MODULE INFORMATION.


C51 COMPILATION COMPLETE.  0 WARNING(S),  0 ERROR(S)
