C51 COMPILER V9.53.0.0   MAIN                                                              07/27/2018 20:48:26 PAGE 1   


C51 COMPILER V9.53.0.0, COMPILATION OF MODULE MAIN
OBJECT MODULE PLACED IN main.OBJ
COMPILER INVOKED BY: C:\Keil_v5\C51\BIN\C51.EXE main.c OPTIMIZE(8,SPEED) BROWSE INCDIR(.\manager) DEBUG OBJECTEXTEND TAB
                    -S(2)

line level    source

   1          //===============================================
   2          #include "GLed.h"
   3          #include "GDelay.h"
   4          #include "GInclude.h"
   5          //===============================================
   6          void main() {
   7   1        int* test = (int*)malloc(sizeof(int));
   8   1        *test = 10;
   9   1        GLed_Init();
  10   1        while(1) {
  11   2          GLed_Port_Flash();
  12   2          GDelay_ms(1);
  13   2        }   
  14   1      }
  15          //===============================================


MODULE INFORMATION:   STATIC OVERLAYABLE
   CODE SIZE        =     35    ----
   CONSTANT SIZE    =   ----    ----
   XDATA SIZE       =   ----    ----
   PDATA SIZE       =   ----    ----
   DATA SIZE        =   ----    ----
   IDATA SIZE       =   ----    ----
   BIT SIZE         =   ----    ----
END OF MODULE INFORMATION.


C51 COMPILATION COMPLETE.  0 WARNING(S),  0 ERROR(S)
